# ------------------------------------------------------------------------------------------------------------------------
# Original File                                               Modified File                                               
# ------------------------------------------------------------------------------------------------------------------------
# /usr/local/cds/ovm-2.0/src/base/ovm_report_handler.svh      ./INCA_libs/irun.lnx86.08.10.nc/svpplib/specials/ovm_hash_int_ovm_severity_string.svi
# /usr/local/cds/ovm-2.0/src/base/ovm_root.svh                ./INCA_libs/irun.lnx86.08.10.nc/svpplib/specials/build_phase_ovm_component.svi
# /usr/local/cds/ovm-2.0/src/base/ovm_root.svh                ./INCA_libs/irun.lnx86.08.10.nc/svpplib/specials/connect_phase_ovm_component.svi
# /usr/local/cds/ovm-2.0/src/base/ovm_root.svh                ./INCA_libs/irun.lnx86.08.10.nc/svpplib/specials/end_of_elaboration_phase_ovm_component.svi
# /usr/local/cds/ovm-2.0/src/base/ovm_root.svh                ./INCA_libs/irun.lnx86.08.10.nc/svpplib/specials/start_of_simulation_phase_ovm_component.svi
# /usr/local/cds/ovm-2.0/src/base/ovm_root.svh                ./INCA_libs/irun.lnx86.08.10.nc/svpplib/specials/run_phase_ovm_component.svi
# /usr/local/cds/ovm-2.0/src/base/ovm_root.svh                ./INCA_libs/irun.lnx86.08.10.nc/svpplib/specials/extract_phase_ovm_component.svi
# /usr/local/cds/ovm-2.0/src/base/ovm_root.svh                ./INCA_libs/irun.lnx86.08.10.nc/svpplib/specials/check_phase_ovm_component.svi
# /usr/local/cds/ovm-2.0/src/base/ovm_root.svh                ./INCA_libs/irun.lnx86.08.10.nc/svpplib/specials/report_phase_ovm_component.svi
# /usr/local/cds/ovm-2.0/src/base/ovm_root.svh                ./INCA_libs/irun.lnx86.08.10.nc/svpplib/specials/post_new_phase_ovm_component.svi
# /usr/local/cds/ovm-2.0/src/base/ovm_root.svh                ./INCA_libs/irun.lnx86.08.10.nc/svpplib/specials/export_connections_phase_ovm_component.svi
# /usr/local/cds/ovm-2.0/src/base/ovm_root.svh                ./INCA_libs/irun.lnx86.08.10.nc/svpplib/specials/import_connections_phase_ovm_component.svi
# /usr/local/cds/ovm-2.0/src/base/ovm_root.svh                ./INCA_libs/irun.lnx86.08.10.nc/svpplib/specials/pre_run_phase_ovm_component.svi
# /usr/local/cds/ovm-2.0/src/base/ovm_root.svh                ./INCA_libs/irun.lnx86.08.10.nc/svpplib/specials/configure_phase_ovm_component.svi
# /usr/local/cds/ovm-2.0/src/tlm/sqr_ifs.svh                  ./INCA_libs/irun.lnx86.08.10.nc/svpplib/specials/sqr_if_base_ovm_sequence_item_ovm_sequence_item.svi
# /usr/local/cds/ovm-2.0/src/base/ovm_port_base.svh           ./INCA_libs/irun.lnx86.08.10.nc/svpplib/specials/ovm_port_component_ovm_port_base_sqr_if_base_ovm_sequence_item_ovm_sequence_item.svi
# /usr/local/cds/ovm-2.0/src/base/ovm_port_base.svh           ./INCA_libs/irun.lnx86.08.10.nc/svpplib/specials/ovm_port_base_sqr_if_base_ovm_sequence_item_ovm_sequence_item.svi
# /usr/local/cds/ovm-2.0/src/tlm/sqr_connections.svh          ./INCA_libs/irun.lnx86.08.10.nc/svpplib/specials/ovm_seq_item_pull_port_ovm_sequence_item_ovm_sequence_item.svi
# /usr/local/cds/ovm-2.0/src/tlm/tlm_ifs.svh                  ./INCA_libs/irun.lnx86.08.10.nc/svpplib/specials/tlm_if_base_ovm_sequence_item_ovm_sequence_item.svi
# /usr/local/cds/ovm-2.0/src/base/ovm_port_base.svh           ./INCA_libs/irun.lnx86.08.10.nc/svpplib/specials/ovm_port_component_ovm_port_base_tlm_if_base_ovm_sequence_item_ovm_sequence_item.svi
# /usr/local/cds/ovm-2.0/src/base/ovm_port_base.svh           ./INCA_libs/irun.lnx86.08.10.nc/svpplib/specials/ovm_port_base_tlm_if_base_ovm_sequence_item_ovm_sequence_item.svi
# /usr/local/cds/ovm-2.0/src/tlm/ovm_exports.svh              ./INCA_libs/irun.lnx86.08.10.nc/svpplib/specials/ovm_analysis_export_ovm_sequence_item.svi
# /usr/local/cds/ovm-2.0/src/tlm/ovm_imps.svh                 ./INCA_libs/irun.lnx86.08.10.nc/svpplib/specials/ovm_put_imp_ovm_sequence_item_tlm_fifo_base_ovm_sequence_item.svi
# /usr/local/cds/ovm-2.0/src/tlm/ovm_imps.svh                 ./INCA_libs/irun.lnx86.08.10.nc/svpplib/specials/ovm_get_peek_imp_ovm_sequence_item_tlm_fifo_base_ovm_sequence_item.svi
# /usr/local/cds/ovm-2.0/src/tlm/ovm_ports.svh                ./INCA_libs/irun.lnx86.08.10.nc/svpplib/specials/ovm_analysis_port_ovm_sequence_item.svi
# /usr/local/cds/ovm-2.0/src/tlm/tlm_fifo_base.svh            ./INCA_libs/irun.lnx86.08.10.nc/svpplib/specials/tlm_fifo_base_ovm_sequence_item.svi
# /usr/local/cds/ovm-2.0/src/tlm/tlm_fifos.svh                ./INCA_libs/irun.lnx86.08.10.nc/svpplib/specials/tlm_fifo_ovm_sequence_item.svi
# /usr/local/cds/ovm-2.0/src/tlm/ovm_imps.svh                 ./INCA_libs/irun.lnx86.08.10.nc/svpplib/specials/ovm_analysis_imp_ovm_sequence_item_sequencer_analysis_fifo_ovm_sequence_item.svi
# /usr/local/cds/ovm-2.0/src/methodology/sequences/ovm_sequencer_analysis_fifo.svh  ./INCA_libs/irun.lnx86.08.10.nc/svpplib/specials/sequencer_analysis_fifo_ovm_sequence_item.svi
# /usr/local/cds/ovm-2.0/src/methodology/sequences/ovm_sequencer_param_base.svh  ./INCA_libs/irun.lnx86.08.10.nc/svpplib/specials/ovm_sequencer_param_base_ovm_sequence_item_ovm_sequence_item.svi
# /usr/local/cds/ovm-2.0/src/tlm/sqr_connections.svh          ./INCA_libs/irun.lnx86.08.10.nc/svpplib/specials/ovm_seq_item_pull_imp_ovm_sequence_item_ovm_sequence_item_ovm_sequencer_ovm_sequence_item_ovm_sequence_item.svi
# /usr/local/cds/ovm-2.0/src/methodology/sequences/ovm_sequencer.svh  ./INCA_libs/irun.lnx86.08.10.nc/svpplib/specials/ovm_sequencer_ovm_sequence_item_ovm_sequence_item.svi
# /usr/local/cds/ovm-2.0/src/methodology/sequences/ovm_sequence.svh  ./INCA_libs/irun.lnx86.08.10.nc/svpplib/specials/ovm_sequence_ovm_sequence_item_ovm_sequence_item.svi
# /usr/local/cds/ovm-2.0/src/methodology/ovm_driver.svh       ./INCA_libs/irun.lnx86.08.10.nc/svpplib/specials/ovm_driver_ovm_sequence_item_ovm_sequence_item.svi
# /usr/local/cds/ovm-2.0/src/tlm/tlm_ifs.svh                  ./INCA_libs/irun.lnx86.08.10.nc/svpplib/specials/tlm_if_base_reescalador_input_reescalador_input.svi
# /usr/local/cds/ovm-2.0/src/base/ovm_port_base.svh           ./INCA_libs/irun.lnx86.08.10.nc/svpplib/specials/ovm_port_component_ovm_port_base_tlm_if_base_reescalador_input_reescalador_input.svi
# /usr/local/cds/ovm-2.0/src/base/ovm_port_base.svh           ./INCA_libs/irun.lnx86.08.10.nc/svpplib/specials/ovm_port_base_tlm_if_base_reescalador_input_reescalador_input.svi
# /usr/local/cds/ovm-2.0/src/tlm/ovm_ports.svh                ./INCA_libs/irun.lnx86.08.10.nc/svpplib/specials/ovm_put_port_reescalador_input.svi
# /usr/local/cds/ovm-2.0/src/tlm/ovm_ports.svh                ./INCA_libs/irun.lnx86.08.10.nc/svpplib/specials/ovm_get_port_reescalador_input.svi
# /usr/local/cds/ovm-2.0/src/tlm/tlm_ifs.svh                  ./INCA_libs/irun.lnx86.08.10.nc/svpplib/specials/tlm_if_base_reescalador_output_reescalador_output.svi
# /usr/local/cds/ovm-2.0/src/base/ovm_port_base.svh           ./INCA_libs/irun.lnx86.08.10.nc/svpplib/specials/ovm_port_component_ovm_port_base_tlm_if_base_reescalador_output_reescalador_output.svi
# /usr/local/cds/ovm-2.0/src/base/ovm_port_base.svh           ./INCA_libs/irun.lnx86.08.10.nc/svpplib/specials/ovm_port_base_tlm_if_base_reescalador_output_reescalador_output.svi
# /usr/local/cds/ovm-2.0/src/tlm/ovm_ports.svh                ./INCA_libs/irun.lnx86.08.10.nc/svpplib/specials/ovm_put_port_reescalador_output.svi
# /usr/local/cds/ovm-2.0/src/tlm/ovm_ports.svh                ./INCA_libs/irun.lnx86.08.10.nc/svpplib/specials/ovm_get_port_reescalador_output.svi
# /usr/local/cds/ovm-2.0/src/tlm/ovm_imps.svh                 ./INCA_libs/irun.lnx86.08.10.nc/svpplib/specials/ovm_put_imp_reescalador_input_tlm_fifo_base_reescalador_input.svi
# /usr/local/cds/ovm-2.0/src/tlm/ovm_imps.svh                 ./INCA_libs/irun.lnx86.08.10.nc/svpplib/specials/ovm_get_peek_imp_reescalador_input_tlm_fifo_base_reescalador_input.svi
# /usr/local/cds/ovm-2.0/src/tlm/ovm_ports.svh                ./INCA_libs/irun.lnx86.08.10.nc/svpplib/specials/ovm_analysis_port_reescalador_input.svi
# /usr/local/cds/ovm-2.0/src/tlm/tlm_fifo_base.svh            ./INCA_libs/irun.lnx86.08.10.nc/svpplib/specials/tlm_fifo_base_reescalador_input.svi
# /usr/local/cds/ovm-2.0/src/tlm/tlm_fifos.svh                ./INCA_libs/irun.lnx86.08.10.nc/svpplib/specials/tlm_fifo_reescalador_input.svi
# /usr/local/cds/ovm-2.0/src/tlm/ovm_imps.svh                 ./INCA_libs/irun.lnx86.08.10.nc/svpplib/specials/ovm_put_imp_reescalador_output_tlm_fifo_base_reescalador_output.svi
# /usr/local/cds/ovm-2.0/src/tlm/ovm_imps.svh                 ./INCA_libs/irun.lnx86.08.10.nc/svpplib/specials/ovm_get_peek_imp_reescalador_output_tlm_fifo_base_reescalador_output.svi
# /usr/local/cds/ovm-2.0/src/tlm/ovm_ports.svh                ./INCA_libs/irun.lnx86.08.10.nc/svpplib/specials/ovm_analysis_port_reescalador_output.svi
# /usr/local/cds/ovm-2.0/src/tlm/tlm_fifo_base.svh            ./INCA_libs/irun.lnx86.08.10.nc/svpplib/specials/tlm_fifo_base_reescalador_output.svi
# /usr/local/cds/ovm-2.0/src/tlm/tlm_fifos.svh                ./INCA_libs/irun.lnx86.08.10.nc/svpplib/specials/tlm_fifo_reescalador_output.svi
./tb.sv                                                       ./INCA_libs/irun.lnx86.08.10.nc/svpplib/tb.sv               
/usr/local/cds/ovm-2.0/src/base/ovm_factory.svh               ./INCA_libs/irun.lnx86.08.10.nc/svpplib//usr/local/cds/ovm-2.0/src/base/ovm_factory.svh
/usr/local/cds/ovm-2.0/src/base/ovm_port_base.svh             ./INCA_libs/irun.lnx86.08.10.nc/svpplib//usr/local/cds/ovm-2.0/src/base/ovm_port_base.svh
/usr/local/cds/ovm-2.0/src/base/ovm_registry.svh              ./INCA_libs/irun.lnx86.08.10.nc/svpplib//usr/local/cds/ovm-2.0/src/base/ovm_registry.svh
/usr/local/cds/ovm-2.0/src/base/ovm_report_handler.svh        ./INCA_libs/irun.lnx86.08.10.nc/svpplib//usr/local/cds/ovm-2.0/src/base/ovm_report_handler.svh
/usr/local/cds/ovm-2.0/src/base/ovm_root.svh                  ./INCA_libs/irun.lnx86.08.10.nc/svpplib//usr/local/cds/ovm-2.0/src/base/ovm_root.svh
/usr/local/cds/ovm-2.0/src/compatibility/avm_compatibility.svh  ./INCA_libs/irun.lnx86.08.10.nc/svpplib//usr/local/cds/ovm-2.0/src/compatibility/avm_compatibility.svh
/usr/local/cds/ovm-2.0/src/compatibility/urm_meth_compatibility.svh  ./INCA_libs/irun.lnx86.08.10.nc/svpplib//usr/local/cds/ovm-2.0/src/compatibility/urm_meth_compatibility.svh
/usr/local/cds/ovm-2.0/src/methodology/layered_stimulus/ovm_scenario.svh  ./INCA_libs/irun.lnx86.08.10.nc/svpplib//usr/local/cds/ovm-2.0/src/methodology/layered_stimulus/ovm_scenario.svh
/usr/local/cds/ovm-2.0/src/methodology/layered_stimulus/ovm_scenario_controller.svh  ./INCA_libs/irun.lnx86.08.10.nc/svpplib//usr/local/cds/ovm-2.0/src/methodology/layered_stimulus/ovm_scenario_controller.svh
/usr/local/cds/ovm-2.0/src/methodology/layered_stimulus/ovm_scenario_driver.svh  ./INCA_libs/irun.lnx86.08.10.nc/svpplib//usr/local/cds/ovm-2.0/src/methodology/layered_stimulus/ovm_scenario_driver.svh
/usr/local/cds/ovm-2.0/src/methodology/methodology.svh        ./INCA_libs/irun.lnx86.08.10.nc/svpplib//usr/local/cds/ovm-2.0/src/methodology/methodology.svh
/usr/local/cds/ovm-2.0/src/methodology/ovm_algorithmic_comparator.svh  ./INCA_libs/irun.lnx86.08.10.nc/svpplib//usr/local/cds/ovm-2.0/src/methodology/ovm_algorithmic_comparator.svh
/usr/local/cds/ovm-2.0/src/methodology/ovm_driver.svh         ./INCA_libs/irun.lnx86.08.10.nc/svpplib//usr/local/cds/ovm-2.0/src/methodology/ovm_driver.svh
/usr/local/cds/ovm-2.0/src/methodology/ovm_in_order_comparator.svh  ./INCA_libs/irun.lnx86.08.10.nc/svpplib//usr/local/cds/ovm-2.0/src/methodology/ovm_in_order_comparator.svh
/usr/local/cds/ovm-2.0/src/methodology/ovm_pair.svh           ./INCA_libs/irun.lnx86.08.10.nc/svpplib//usr/local/cds/ovm-2.0/src/methodology/ovm_pair.svh
/usr/local/cds/ovm-2.0/src/methodology/ovm_policies.svh       ./INCA_libs/irun.lnx86.08.10.nc/svpplib//usr/local/cds/ovm-2.0/src/methodology/ovm_policies.svh
/usr/local/cds/ovm-2.0/src/methodology/ovm_push_driver.svh    ./INCA_libs/irun.lnx86.08.10.nc/svpplib//usr/local/cds/ovm-2.0/src/methodology/ovm_push_driver.svh
/usr/local/cds/ovm-2.0/src/methodology/ovm_random_stimulus.svh  ./INCA_libs/irun.lnx86.08.10.nc/svpplib//usr/local/cds/ovm-2.0/src/methodology/ovm_random_stimulus.svh
/usr/local/cds/ovm-2.0/src/methodology/ovm_subscriber.svh     ./INCA_libs/irun.lnx86.08.10.nc/svpplib//usr/local/cds/ovm-2.0/src/methodology/ovm_subscriber.svh
/usr/local/cds/ovm-2.0/src/methodology/sequences/ovm_push_sequencer.svh  ./INCA_libs/irun.lnx86.08.10.nc/svpplib//usr/local/cds/ovm-2.0/src/methodology/sequences/ovm_push_sequencer.svh
/usr/local/cds/ovm-2.0/src/methodology/sequences/ovm_sequence.svh  ./INCA_libs/irun.lnx86.08.10.nc/svpplib//usr/local/cds/ovm-2.0/src/methodology/sequences/ovm_sequence.svh
/usr/local/cds/ovm-2.0/src/methodology/sequences/ovm_sequence_builtin.svh  ./INCA_libs/irun.lnx86.08.10.nc/svpplib//usr/local/cds/ovm-2.0/src/methodology/sequences/ovm_sequence_builtin.svh
/usr/local/cds/ovm-2.0/src/methodology/sequences/ovm_sequencer.svh  ./INCA_libs/irun.lnx86.08.10.nc/svpplib//usr/local/cds/ovm-2.0/src/methodology/sequences/ovm_sequencer.svh
/usr/local/cds/ovm-2.0/src/methodology/sequences/ovm_sequencer_analysis_fifo.svh  ./INCA_libs/irun.lnx86.08.10.nc/svpplib//usr/local/cds/ovm-2.0/src/methodology/sequences/ovm_sequencer_analysis_fifo.svh
/usr/local/cds/ovm-2.0/src/methodology/sequences/ovm_sequencer_param_base.svh  ./INCA_libs/irun.lnx86.08.10.nc/svpplib//usr/local/cds/ovm-2.0/src/methodology/sequences/ovm_sequencer_param_base.svh
/usr/local/cds/ovm-2.0/src/tlm/ovm_exports.svh                ./INCA_libs/irun.lnx86.08.10.nc/svpplib//usr/local/cds/ovm-2.0/src/tlm/ovm_exports.svh
/usr/local/cds/ovm-2.0/src/tlm/ovm_imps.svh                   ./INCA_libs/irun.lnx86.08.10.nc/svpplib//usr/local/cds/ovm-2.0/src/tlm/ovm_imps.svh
/usr/local/cds/ovm-2.0/src/tlm/ovm_ports.svh                  ./INCA_libs/irun.lnx86.08.10.nc/svpplib//usr/local/cds/ovm-2.0/src/tlm/ovm_ports.svh
/usr/local/cds/ovm-2.0/src/tlm/sqr_connections.svh            ./INCA_libs/irun.lnx86.08.10.nc/svpplib//usr/local/cds/ovm-2.0/src/tlm/sqr_connections.svh
/usr/local/cds/ovm-2.0/src/tlm/sqr_ifs.svh                    ./INCA_libs/irun.lnx86.08.10.nc/svpplib//usr/local/cds/ovm-2.0/src/tlm/sqr_ifs.svh
/usr/local/cds/ovm-2.0/src/tlm/tlm_fifo_base.svh              ./INCA_libs/irun.lnx86.08.10.nc/svpplib//usr/local/cds/ovm-2.0/src/tlm/tlm_fifo_base.svh
/usr/local/cds/ovm-2.0/src/tlm/tlm_fifos.svh                  ./INCA_libs/irun.lnx86.08.10.nc/svpplib//usr/local/cds/ovm-2.0/src/tlm/tlm_fifos.svh
/usr/local/cds/ovm-2.0/src/tlm/tlm_ifs.svh                    ./INCA_libs/irun.lnx86.08.10.nc/svpplib//usr/local/cds/ovm-2.0/src/tlm/tlm_ifs.svh
/usr/local/cds/ovm-2.0/src/tlm/tlm_req_rsp.svh                ./INCA_libs/irun.lnx86.08.10.nc/svpplib//usr/local/cds/ovm-2.0/src/tlm/tlm_req_rsp.svh
pre_source.svh                                                ./INCA_libs/irun.lnx86.08.10.nc/svpplib/pre_source.svh      
refmod_reescalador.svh                                        ./INCA_libs/irun.lnx86.08.10.nc/svpplib/refmod_reescalador.svh
sink.svh                                                      ./INCA_libs/irun.lnx86.08.10.nc/svpplib/sink.svh            
